honest scoreboard | 40000 sims, 12000 steps | 100 datasets x 400 draws
          case | prior-only |   ridge | amortized | classical | verdict
------------------------------------------------------------------------------
   double_well |     24.14% |  14.02% |    11.01% |    11.76% | beats ridge
------------------------------------------------------------------------------
amortized beats the ridge control in 1/1 cases

--- per parameter: prior-only / ridge / amortized | contraction | verdict ---
contraction = prior sd / posterior sd (1.0 = the posterior IS the prior).
A wide posterior is NOT a failure: where the likelihood is flat the correct
posterior is the prior. What a flat posterior does mean is that error-to-truth
is capped at the prior's 25% and says nothing about method quality there.
The ridge control disambiguates the two flat cases:
  PRIOR-LIMITED - flat, and the ridge cannot do better either
                  => near-prior is the right answer; judge it by SBC, not MAE
  WIDTH WRONG   - flat, but the ridge locates the parameter
                  => the true posterior is narrow and ours is not: a real error

double_well
       theta1:  22.29% /  20.28% /  15.11% |  1.53x  
       theta2:  24.18% /  16.09% /  12.78% |  1.82x  
        sigma:  25.95% /   5.69% /   5.13% |  4.57x  


[saved] /Users/ioseledets/work/amortix/results/sb_parallel/double_well.md
