honest scoreboard | 40000 sims, 12000 steps | 100 datasets x 400 draws
          case | prior-only |   ridge | amortized | classical | verdict
------------------------------------------------------------------------------
     sindy_sde |     24.83% |  16.83% |    16.90% |    28.46% | loses to ridge
------------------------------------------------------------------------------
amortized beats the ridge control in 0/1 cases

--- per parameter: prior-only / ridge / amortized | contraction | verdict ---
contraction = prior sd / posterior sd (1.0 = the posterior IS the prior).
A wide posterior is NOT a failure: where the likelihood is flat the correct
posterior is the prior. What a flat posterior does mean is that error-to-truth
is capped at the prior's 25% and says nothing about method quality there.
The ridge control disambiguates the two flat cases:
  PRIOR-LIMITED - flat, and the ridge cannot do better either
                  => near-prior is the right answer; judge it by SBC, not MAE
  WIDTH WRONG   - flat, but the ridge locates the parameter
                  => the true posterior is narrow and ours is not: a real error

sindy_sde
           c0:  24.30% /  14.48% /  14.35% |  1.80x  
           c1:  23.36% /  18.99% /  15.46% |  1.47x  
           c2:  24.76% /  23.22% /  22.96% |  1.04x  PRIOR-LIMITED
           c3:  28.16% /  21.44% /  26.55% |  1.04x  WIDTH WRONG
        sigma:  23.56% /   6.04% /   5.17% |  4.25x  

prior-limited, not a defect (1): sindy_sde.c2  -- score these by SBC / distance to the true posterior, not by MAE
POSTERIOR TOO WIDE -- the ridge locates what we leave at the prior (1): sindy_sde.c3

[saved] /Users/ioseledets/work/amortix/results/sb_parallel/sindy_sde.md
