honest scoreboard | 40000 sims, 12000 steps | 100 datasets x 400 draws
          case | prior-only |   ridge | amortized | classical | verdict
------------------------------------------------------------------------------
      stoch_lv |     24.19% |  11.18% |     4.95% |     9.83% | beats ridge
------------------------------------------------------------------------------
amortized beats the ridge control in 1/1 cases

--- per parameter: prior-only / ridge / amortized | contraction | verdict ---
contraction = prior sd / posterior sd (1.0 = the posterior IS the prior).
A wide posterior is NOT a failure: where the likelihood is flat the correct
posterior is the prior. What a flat posterior does mean is that error-to-truth
is capped at the prior's 25% and says nothing about method quality there.
The ridge control disambiguates the two flat cases:
  PRIOR-LIMITED - flat, and the ridge cannot do better either
                  => near-prior is the right answer; judge it by SBC, not MAE
  WIDTH WRONG   - flat, but the ridge locates the parameter
                  => the true posterior is narrow and ours is not: a real error

stoch_lv
        alpha:  26.15% /  12.86% /   6.34% |  3.73x  
         beta:  24.09% /   9.91% /   4.22% |  5.74x  
        delta:  23.64% /   9.36% /   3.47% |  5.83x  
        gamma:  22.87% /  12.59% /   5.79% |  3.58x  


[saved] /Users/ioseledets/work/amortix/results/sb_parallel/stoch_lv.md
