training (40000 sims, 8000 steps) ...
[fit] simulating 40000 training trajectories (625 batches/epoch)...
  epoch   0  step    625  cfm 1.1888  (16.6s)
  epoch   1  step   1250  cfm 0.4083  (34.6s)
  epoch   2  step   1875  cfm 0.3776  (51.1s)
  epoch   3  step   2500  cfm 0.3641  (67.5s)
  epoch   4  step   3125  cfm 0.3547  (83.1s)
  epoch   5  step   3750  cfm 0.3514  (99.0s)
  epoch   6  step   4375  cfm 0.3467  (114.6s)
  epoch   7  step   5000  cfm 0.3424  (130.3s)
  epoch   8  step   5625  cfm 0.3387  (146.0s)
  epoch   9  step   6250  cfm 0.3347  (162.6s)
  epoch  10  step   6875  cfm 0.3323  (178.4s)
  epoch  11  step   7500  cfm 0.3316  (193.9s)
  epoch  12  step   8125  cfm 0.3304  (209.6s)

     pair | corr exact | corr ours
m1-  m2 |      0.415 |     0.349
m1-  m3 |      0.216 |     0.128
m1-  m4 |     -0.710 |    -0.640
m2-  m3 |     -0.518 |    -0.497
m2-  m4 |     -0.048 |     0.007
m3-  m4 |     -0.637 |    -0.596

[saved] /Users/ioseledets/work/amortix/results/corner_linear_gaussian.png
